// Jest Snapshot v1, https://goo.gl/fbAQLP

exports[`Detailpage renders correctly 1`] = `<div />`;
